Input #0, mov,mp4,m4a,3gp,3g2,mj2, from 'D:\Skyguard52\References\Yak52\R6_PhotoIntake_Cycle03\Raw\yak52_onboard_rear_gunner_user_reference_001.mp4':
  Metadata:
    major_brand     : isom
    minor_version   : 1
    compatible_brands: isomiso4
    creation_time   : 2026-07-25T01:01:01.000000Z
  Duration: 00:00:25.84, start: 0.000000, bitrate: 1322 kb/s
  Stream #0:0[0x1](und): Video: h264 (High) (avc1 / 0x31637661), yuv420p(progressive), 1280x720, 1186 kb/s, SAR 1:1 DAR 16:9, 29.92 fps, 30 tbr, 1536k tbn (default)
    Metadata:
      handler_name    : Twitter-vork muxer
  Stream #0:1[0x2](und): Audio: aac (LC) (mp4a / 0x6134706D), 44100 Hz, stereo, fltp, 128 kb/s (default)
    Metadata:
      handler_name    : Twitter-vork muxer
Stream mapping:
  Stream #0:0 -> #0:0 (h264 (native) -> png (native))
Output #0, image2, to 'D:\Skyguard52\References\Yak52\R6_PhotoIntake_Cycle03\DerivedFrames\onboard_%02d.png':
  Metadata:
    major_brand     : isom
    minor_version   : 1
    compatible_brands: isomiso4
    encoder         : Lavf62.12.101
  Stream #0:0(und): Video: png, rgb24(pc, gbr/unknown/unknown, progressive), 1280x720 [SAR 1:1 DAR 16:9], q=2-31, 200 kb/s, 0.33 fps, 0.33 tbn (default)
    Metadata:
      encoder         : Lavc62.28.101 png
      handler_name    : Twitter-vork muxer
[out#0/image2 @ 0000021b2d982dc0] video:3837KiB audio:0KiB subtitle:0KiB other streams:0KiB global headers:0KiB muxing overhead: unknown
frame=    9 fps=0.0 q=-0.0 Lsize=N/A time=00:00:27.00 bitrate=N/A speed=86.6x elapsed=0:00:00.31    
